890123456
999999999
-890123456
-999999999
890123456
999999999
-890123456
-999999999
890123456
999999999
-890123456
-999999999
890123456
999999999
-890123456
-999999999
890123456
999999999
-890123456
-999999999
890123456
999999999
-890123456
-999999999
890123456
999999999
-890123456
-999999999
890123456
999999999
-890123456
-999999999
890123456
999999999
-890123456
-999999999
890123456
999999999
-890123456
-999999999
890123456
999999999
-890123456
-999999999
890123456
999999999
-890123456
-999999999
890123456
999999999
-890123456
-999999999
890123456
999999999
-890123456
-999999999
890123456
999999999
-890123456
-999999999
890123456
999999999
-890123456
-999999999
890123456
999999999
-890123456
-999999999