87654.210
0.001
99999.999
-87654.210
-0.001
-99999.999