00:19:17.02810
01:27:50.02762
99:10:20.02452
100:50:46.01173
837:59:43.02505
838:33:59.03075
510:00:57.01375
526:01:42.02797
590:58:39.02984
521:59:18.00312
78:49:00.00859
43:34:01.00659
700:56:58.00796
400:08:59.03131
443:39:37.00000
155:44:17.00000
327:38:32.99999
491:57:22.99999
802:25:48.01384
203:55:00.00194
33:36:43.02854
62:08:08.00124
204:03:55.00291
147:50:30.02243
500:55:41.03005
358:07:17.01122
491:00:12.01362
142:07:13.02373