00:19:17
01:27:50
99:10:20
100:50:46
837:59:43
838:33:59
510:00:57
526:01:42
590:58:39
521:59:18
78:49:00
43:34:01
700:56:58
400:08:59
443:39:37
155:44:17
327:38:32
491:57:22
802:25:48
203:55:00
33:36:43
62:08:08
204:03:55
147:50:30
500:55:41
358:07:17
491:00:12
142:07:13