00:19:17.028102
01:27:50.027622
99:10:20.024528
100:50:46.011734
837:59:43.025053
838:33:59.030758
510:00:57.013755
526:01:42.027975
590:58:39.029844
521:59:18.003120
78:49:00.008599
43:34:01.006598
700:56:58.007960
400:08:59.031318
443:39:37.000000
155:44:17.000001
327:38:32.999998
491:57:22.999999
802:25:48.013841
203:55:00.001948
33:36:43.028540
62:08:08.001249
204:03:55.002913
147:50:30.022435
500:55:41.030055
358:07:17.011226
491:00:12.013620
142:07:13.023732