column: IPv4 with hashes: 6599930395969401282 with ptr: 86