column: UInt64 with hashes: 1130759035 with ptr: 20