column: Int64 with hashes: 1047190036 with ptr: 20