column: String with hashes: 12312203780672256342 with ptr: 20264