column: Int64 with hashes: 9615197415003570208 with ptr: 20