column: Int16 with hashes: 12110887499945165499 with ptr: 84