column: Int128 with hashes: 2965221190 with ptr: 78