column: Int64 with hashes: [1267541867204631620,12206006875427726523,11142957881369694049,4662440916742525043,14545374957754770338,10681342123027650595,13483838548192510121,4537965828477411671,15361599024573585307,2074313236514815038,3762663975103739967,9657980439005422885,4649954748350932437,14710349835501413760,8587292308554044129,7574899242618554753,5541811933605569074,15704770426915213550,10541293461938454992,12299321507312325885]