column: UInt64 with hashes: 11950356685255743563 with ptr: 20