column: Decimal128V2 with hashes: 10664718558787609452 with ptr: 1340