column: Int128 with hashes: 14892512355819494746 with ptr: 78