column: UInt64 with hashes: [1061321690812407806,18311080401028886168,6112942248294878675,2715292571562765150,7040158194588829007,4008949988652071748,6610154035435591842,5561125327707536966,7311943490285280622,17431170340315211,13878504847305567375,12271110349974376535,8612002114690665778,12051247664927672081,11971996379984622624,13466823416530116648,5048472222116301715,6103756432576864838,17133231951328725672,15072379410560566936]