column: IPv4 with hashes: 6141262678584169887 with ptr: 20