column: variant with byte_size: 493265073
493265073