column: String with hashes: 11857479582685718200 with ptr: 20264