column: UInt64 with hashes: 13285555309125781297 with ptr: 20