column: Int64 with hashes: 1871272614431868812 with ptr: 84