column: UInt16 with hashes: [1104745215,1489118142,1945071741,1794392380,632674299,1018095290,394507641,244876344,2298517751,2417732022,3140942453,2720910132,3983302131,4101467314,3747233649,3326152240,186319022,302002671,959275564,540431213,1870120362,1986852075,1564583720,1146787433,3284306598,3671702503,4059359268,3908032869,2813218722,3199565539,2509778208,2357402721,3562878557,306676512,2892075487,3873714497,4294901760,1104745215,1489118142,1945071741,1794392380,632674299,1018095290,394507641,244876344,2298517751,2417732022,3140942453,2720910132,3983302131,4101467314,3747233649,3326152240,186319022,302002671,959275564,540431213,1870120362,1986852075,1564583720,1146787433,3284306598,3671702503,4059359268,3908032869,2813218722,3199565539,2509778208,2357402721,3562878557,306676512,2892075487,3873714497,4294901760]