column: String with hashes: 8904839245041308196 with ptr: 1654