column: Int16 with hashes: 493303161013839678 with ptr: 84