column: TINYINT with hashes: 282710137 with ptr: 82