column: IPv4 with hashes: [3724888960,969545543,729790633,2479087564,236250997,3064496144,2753376254,480331931,3315942617,2694803206,3099309105,512852,3136984141,3141492831,3112058915,3179685376,3217491580,3186075688,158222168,4052510836]