column: variant with hashes: 12772338251160207317 with ptr: 2225