column: UInt16 with hashes: 2752326018 with ptr: 74