column: Decimal64 with hashes: 12482103859687845184 with ptr: 132