column: UInt8 with hashes: [3523407757,2768625435,3523407757,2768625435]