column: Int64 with hashes: 1640732719 with ptr: 84