column: variant with hashes: 1417894694298673530 with ptr: 2023