column: IPv4 with hashes: [1702897183,2033013095,207242731,1702897183,3034981006,2033013095,1702897183,207242731,2033013095,1682066472,1702897183,2033013095,3034981006,1702897183,2033013095]
column: IPv6 with hashes: [2964864619,181178161,1479828048,118872628,592813460]
