column: UInt64 with hashes: 16390356775467487053 with ptr: 20