column: Decimal256 with hashes: 13461218853732452065 with ptr: 136