column: UInt64 with hashes: 18053483591375293923 with ptr: 78