column: IPv4 with hashes: [6036070757989388861,11073996071255825662,10193190240603591041,6036070757989388861,1181575200432999646,11073996071255825662,6036070757989388861,10193190240603591041,11073996071255825662,16504395594242113054,6036070757989388861,11073996071255825662,1181575200432999646,6036070757989388861,11073996071255825662]
column: IPv6 with hashes: [8707757925850955850,8840427184332532482,5498373084097983896,2344693937271373493,16492243676151781800]
