column: UInt64 with hashes: [3601121840,3989394405,2556404727,533470079,3334900270,2781111698,739670980,987420742,2033251597,367958651,716655859,2324030413,521367342,1512948019,2670293593,1643739831,226212179,2167721939,2093376524,1918522207]