column: UInt64 with hashes: [15113656271567121910,10240636929502980280,1276558865298497615,9651603480865681466,12053117244947737583,9092276484197322199,9129309937677513573,5269524767745948450,2833656741882634577,8284713235150516153,11260256199921702545,918776863368371333,11538123708571497842,13659569347893528390,5385818234242000751,17297815661297436666,5539826300041954770,14333149756358090485,16012917278189374490,9060263313867647131]