column: Decimal32 with hashes: 378490787699569722 with ptr: 57