column: String with hashes: 12570991228642108119 with ptr: 35