column: Float32 with hashes: 478904329 with ptr: 14