column: Decimal32 with hashes: 1252218156 with ptr: 57