column: String with hashes: 4272313324 with ptr: 20264