column: UInt64 with hashes: 815683627 with ptr: 20