column: String with hashes: [3824125074,2714085426,1552163941,3699859710,335464619,1041634801,3194949888,19268802,2286445522,3431075927,2611681900,1961824184,1752085755,3842899528,2826130535,4102346290,3775955314,626411682,3607372351,2832102086,2105240512,4156912225,4071764878,2052979973,3518366914,454060508,3453467689,3316589808,1630235119,3368495584,3655055440,3492723259,510191604,324932091,0]