column: Int128 with hashes: 14062372297959778368 with ptr: 78