column: Decimal128V3 with hashes: 1763268460 with ptr: 132